{
  "version": "1.5.0",
  "plugins_used": [
    {
      "name": "ArtifactoryDetector"
    },
    {
      "name": "AWSKeyDetector"
    },
    {
      "name": "Base64HighEntropyString",
      "limit": 4.5
    },
    {
      "name": "HexHighEntropyString",
      "limit": 3.0
    },
    {
      "name": "JwtTokenDetector"
    },
    {
      "name": "KeywordDetector",
      "keyword_exclude": ""
    },
    {
      "name": "PrivateKeyDetector"
    }
  ],
  "filters_used": [
    {
      "path": "detect_secrets.filters.allowlist.is_line_allowlisted"
    },
    {
      "path": "detect_secrets.filters.common.is_baseline_file",
      "filename": ".secrets.baseline"
    },
    {
      "path": "detect_secrets.filters.common.is_ignored_due_to_verification_policies",
      "min_level": 2
    },
    {
      "path": "detect_secrets.filters.heuristic.is_indirect_reference"
    },
    {
      "path": "detect_secrets.filters.heuristic.is_likely_id_string"
    },
    {
      "path": "detect_secrets.filters.heuristic.is_lock_file"
    },
    {
      "path": "detect_secrets.filters.heuristic.is_not_alphanumeric_string"
    },
    {
      "path": "detect_secrets.filters.heuristic.is_potential_uuid"
    }
  ],
  "results": {
    "README.md": [
      {
        "type": "Secret Keyword",
        "filename": "README.md",
        "hashed_secret": "9b1e18d5a2ea170b8f2192e0924cc88bd1effdee",
        "is_verified": false,
        "line_number": 446
      },
      {
        "type": "Secret Keyword",
        "filename": "README.md",
        "hashed_secret": "f3bbbd66a63d4bf1747940578ec3d0103530e21d",
        "is_verified": false,
        "line_number": 479
      },
      {
        "type": "Secret Keyword",
        "filename": "README.md",
        "hashed_secret": "bfd3617727eab0e800e62a776c76381defbc4145",
        "is_verified": false,
        "line_number": 484
      }
    ],
    "docs/macros.md": [
      {
        "type": "Secret Keyword",
        "filename": "docs/macros.md",
        "hashed_secret": "f3bbbd66a63d4bf1747940578ec3d0103530e21d",
        "is_verified": false,
        "line_number": 43
      },
      {
        "type": "Secret Keyword",
        "filename": "docs/macros.md",
        "hashed_secret": "bfd3617727eab0e800e62a776c76381defbc4145",
        "is_verified": false,
        "line_number": 48
      }
    ],
    "docs/personas.md": [
      {
        "type": "Secret Keyword",
        "filename": "docs/personas.md",
        "hashed_secret": "9b1e18d5a2ea170b8f2192e0924cc88bd1effdee",
        "is_verified": false,
        "line_number": 51
      }
    ],
    "src/octowright/server/macros.py": [
      {
        "type": "Secret Keyword",
        "filename": "src/octowright/server/macros.py",
        "hashed_secret": "f3bbbd66a63d4bf1747940578ec3d0103530e21d",
        "is_verified": false,
        "line_number": 36
      }
    ],
    "tests/test_badge.py": [
      {
        "type": "Hex High Entropy String",
        "filename": "tests/test_badge.py",
        "hashed_secret": "6740d1ecb48c5c9ca3b2a3cb1ca2f4b4d4487473",
        "is_verified": false,
        "line_number": 29
      }
    ],
    "tests/test_credentials_check.py": [
      {
        "type": "Secret Keyword",
        "filename": "tests/test_credentials_check.py",
        "hashed_secret": "57e8ec920518bc9d02210c6479797acbf111dcfd",
        "is_verified": false,
        "line_number": 70
      },
      {
        "type": "Secret Keyword",
        "filename": "tests/test_credentials_check.py",
        "hashed_secret": "805e621874304e2cab96a5566bb4360a07630839",
        "is_verified": false,
        "line_number": 81
      },
      {
        "type": "Secret Keyword",
        "filename": "tests/test_credentials_check.py",
        "hashed_secret": "cd8c2ff1c90920b6439291b281f266fc99349115",
        "is_verified": false,
        "line_number": 193
      }
    ],
    "tests/test_http_server.py": [
      {
        "type": "Hex High Entropy String",
        "filename": "tests/test_http_server.py",
        "hashed_secret": "90bd1b48e958257948487b90bee080ba5ed00caa",
        "is_verified": false,
        "line_number": 168
      },
      {
        "type": "Hex High Entropy String",
        "filename": "tests/test_http_server.py",
        "hashed_secret": "2f2d205d5451d3256cf1c693982b40101e9989bf",
        "is_verified": false,
        "line_number": 1480
      },
      {
        "type": "Hex High Entropy String",
        "filename": "tests/test_http_server.py",
        "hashed_secret": "5da3949774833dc8fe56bf1005080cdf387bbfa2",
        "is_verified": false,
        "line_number": 1480
      }
    ],
    "tests/test_macro_semantic.py": [
      {
        "type": "Secret Keyword",
        "filename": "tests/test_macro_semantic.py",
        "hashed_secret": "e5e9fa1ba31ecd1ae84f75caaa474f3a663f05f4",
        "is_verified": false,
        "line_number": 63
      }
    ],
    "tests/test_macros.py": [
      {
        "type": "Secret Keyword",
        "filename": "tests/test_macros.py",
        "hashed_secret": "f3bbbd66a63d4bf1747940578ec3d0103530e21d",
        "is_verified": false,
        "line_number": 86
      }
    ]
  },
  "generated_at": "2026-05-26T21:43:27Z"
}
